// Jest Snapshot v1, https://goo.gl/fbAQLP

exports[`<SearchResults /> component render without throwing error 1`] = `<styled.div />`;
